// Jest Snapshot v1, https://goo.gl/fbAQLP

exports[`New view matches snapshot 1`] = `
Array [
  .c0 {
  height: 56px;
  display: -webkit-box;
  display: -webkit-flex;
  display: -ms-flexbox;
  display: flex;
  -webkit-box-pack: justify;
  -webkit-justify-content: space-between;
  -ms-flex-pack: justify;
  justify-content: space-between;
  -webkit-align-items: center;
  -webkit-box-align: center;
  -ms-flex-align: center;
  align-items: center;
  padding: 0px 16px;
}

.c0 h1 {
  font-size: 24px;
  font-weight: 500;
  line-height: 32px;
  color: #000;
}

.c0 > div {
  display: -webkit-box;
  display: -webkit-flex;
  display: -ms-flexbox;
  display: flex;
  gap: 16px;
}

<div
    className="c0"
  >
    <h1>
      Create new connector
    </h1>
    <div />
  </div>,
  .c1 {
  font-weight: 500;
  font-size: 12px;
  line-height: 20px;
  color: #454F54;
}

.c2 {
  position: relative;
  height: 32px;
  border: 1px #ABB5BA solid;
  border-radius: 4px;
  font-size: 14px;
  width: 100%;
  padding-left: 12px;
  padding-right: 16px;
  color: #171A1C;
  min-width: auto;
  background-image: url('data:image/svg+xml,%3Csvg width="10" height="6" viewBox="0 0 10 6" fill="none" xmlns="http://www.w3.org/2000/svg"%3E%3Cpath d="M1 1L5 5L9 1" stroke="%23454F54"/%3E%3C/svg%3E%0A') !important;
  background-repeat: no-repeat !important;
  background-position-x: calc(100% - 8px) !important;
  background-position-y: 55% !important;
  -webkit-appearance: none !important;
  -moz-appearance: none !important;
  appearance: none !important;
}

.c2:hover {
  color: #171A1C;
  border-color: #73848C;
}

.c2:focus {
  outline: none;
  color: #171A1C;
  border-color: #454F54;
}

.c2:disabled {
  color: #ABB5BA;
  border-color: #E3E6E8;
  cursor: not-allowed;
}

.c5 {
  border: 1px #ABB5BA solid;
  border-radius: 4px;
  height: 32px;
  width: 100%;
  padding-left: 12px;
  font-size: 14px;
}

.c5::-webkit-input-placeholder {
  color: #ABB5BA;
  font-size: 14px;
}

.c5::-moz-placeholder {
  color: #ABB5BA;
  font-size: 14px;
}

.c5:-ms-input-placeholder {
  color: #ABB5BA;
  font-size: 14px;
}

.c5::placeholder {
  color: #ABB5BA;
  font-size: 14px;
}

.c5:hover {
  border-color: #73848C;
}

.c5:focus {
  outline: none;
  border-color: #454F54;
}

.c5:focus::-webkit-input-placeholder {
  color: transparent;
}

.c5:focus::-moz-placeholder {
  color: transparent;
}

.c5:focus:-ms-input-placeholder {
  color: transparent;
}

.c5:focus::placeholder {
  color: transparent;
}

.c5:disabled {
  color: #ABB5BA;
  border-color: #E3E6E8;
  cursor: not-allowed;
}

.c5:read-only {
  color: #171A1C;
  border: none;
  background-color: #F1F2F3;
  cursor: not-allowed;
}

.c5:-moz-read-only:focus::placeholder {
  color: #ABB5BA;
}

.c5:read-only:focus::placeholder {
  color: #ABB5BA;
}

.c3 {
  color: #E51A1A;
  font-size: 12px;
}

.c4 {
  position: relative;
}

.c6 {
  display: -webkit-box;
  display: -webkit-flex;
  display: -ms-flexbox;
  display: flex;
  -webkit-flex-direction: row;
  -ms-flex-direction: row;
  flex-direction: row;
  -webkit-align-items: center;
  -webkit-box-align: center;
  -ms-flex-align: center;
  align-items: center;
  -webkit-box-pack: center;
  -webkit-justify-content: center;
  -ms-flex-pack: center;
  justify-content: center;
  padding: 0px 12px;
  border: none;
  border-radius: 4px;
  white-space: nowrap;
  background: #4F4FFF;
  color: #FFFFFF;
  font-size: 14px;
  font-weight: 500;
  height: 32px;
}

.c6:hover:enabled {
  background: #1717CF;
  color: #FFFFFF;
  cursor: pointer;
}

.c6:active:enabled {
  background: #1414B8;
  color: #FFFFFF;
}

.c6:disabled {
  opacity: 0.5;
  cursor: not-allowed;
}

.c6 a {
  color: white;
}

.c6 i {
  margin-right: 7px;
}

.c0 {
  padding: 16px;
  padding-top: 0;
  display: -webkit-box;
  display: -webkit-flex;
  display: -ms-flexbox;
  display: flex;
  -webkit-flex-direction: column;
  -ms-flex-direction: column;
  flex-direction: column;
  gap: 16px;
}

.c0 > button:last-child {
  -webkit-align-self: flex-start;
  -ms-flex-item-align: start;
  align-self: flex-start;
}

<form
    className="c0"
    onSubmit={[Function]}
  >
    <div
      className="field "
    >
      <label
        className="c1"
      >
        Connect *
      </label>
      <div
        className="select-wrapper undefined"
      >
        <select
          className="c2"
          disabled={false}
          name="connectName"
          onBlur={[Function]}
          onChange={[Function]}
        >
          <option
            value="first"
          >
            first
          </option>
          <option
            value="second"
          >
            second
          </option>
        </select>
      </div>
      <p
        className="c3"
      />
    </div>
    <div>
      <label
        className="c1"
      >
        Name *
      </label>
      <div
        className="c4"
      >
        <input
          autoComplete="off"
          className="c5 c4"
          disabled={false}
          name="name"
          onBlur={[Function]}
          onChange={[Function]}
          placeholder="Connector Name"
        />
      </div>
      <p
        className="c3"
      />
    </div>
    <div>
      <label
        className="c1"
      >
        Config *
      </label>
      <mock-JSONEditor
        name="config"
        onBlur={[Function]}
        onChange={[Function]}
        readOnly={false}
        value=""
      />
      <p
        className="c3"
      />
    </div>
    <button
      className="c6"
      disabled={true}
      type="submit"
    >
      Submit
    </button>
  </form>,
]
`;

exports[`New view matches snapshot when fetching connects 1`] = `<mock-PageLoader />`;
