// Jest Snapshot v1, https://goo.gl/fbAQLP

exports[`PageControl matches snapshot 1`] = `
<li>
  <Styled(Link)
    $isCurrent={true}
    aria-label="Goto page 138"
    data-testid="pagination-link"
    to="/test"
  >
    138
  </Styled(Link)>
</li>
`;
